Testing agents with company: INFY
Creating tasks...
Creating crew...
Kicking off crew...
╭──────────────────── Crew Execution Started ────────────────────╮
│                                                                │
│  Crew Execution Started                                        │
│  Name: crew                                                    │
│  ID: 46517a16-43f4-4241-b38f-8894841ab934                      │
│  Tool Args:                                                    │
│                                                                │
│                                                                │
╰────────────────────────────────────────────────────────────────╯

🚀 Crew: crew
└── 📋 Task: 98c006de-9c2f-4549-9e47-49f6d9c2216c
    Status: Executing Task...╭─────────────────────── 🤖 Agent Started ───────────────────────╮
│                                                                │
│  Agent: Senior Financial Researcher                            │
│                                                                │
│  Task: Research the latest financial news and market trends    │
│  for INFY. Focus on recent events that might affect the stock  │
│  price.                                                        │
│                                                                │
╰────────────────────────────────────────────────────────────────╯


Error running agents: litellm.AuthenticationError: AuthenticationError: OpenAIException - The api_key client option must be set either by passing api_key to the client or by setting the OPENAI_API_KEY environment variable
❌ Crew: crew
└── 📋 Task: 98c006de-9c2f-4549-9e47-49f6d9c2216c
    Assigned to: Senior Financial Researcher
    Status: ❌ Failed
    └── ❌ LLM Failed╭────────────────────────── LLM Error ───────────────────────────╮
│                                                                │
│  ❌ LLM Call Failed                                            │
│  Error: litellm.AuthenticationError: AuthenticationError:      │
│  OpenAIException - The api_key client option must be set       │
│  either by passing api_key to the client or by setting the     │
│  OPENAI_API_KEY environment variable                           │
│                                                                │
╰────────────────────────────────────────────────────────────────╯

╭───────────────────────── Crew Failure ─────────────────────────╮
│                                                                │
│  Crew Execution Failed                                         │
│  Name: crew                                                    │
│  ID: 46517a16-43f4-4241-b38f-8894841ab934                      │
│  Tool Args:                                                    │
│  Final Output:                                                 │
│                                                                │
│                                                                │
╰────────────────────────────────────────────────────────────────╯

╭───────────────────────── Task Failure ─────────────────────────╮
│                                                                │
│  Task Failed                                                   │
│  Name: 98c006de-9c2f-4549-9e47-49f6d9c2216c                    │
│  Agent: Senior Financial Researcher                            │
│  Tool Args:                                                    │
│                                                                │
│                                                                │
╰────────────────────────────────────────────────────────────────╯

╭──────────────────────── Tracing Status ────────────────────────╮
│                                                                │
│  Info: Tracing is disabled.                                    │
│                                                                │
│  To enable tracing, do any one of these:                       │
│  • Set tracing=True in your Crew/Flow code                     │
│  • Set CREWAI_TRACING_ENABLED=true in your project's .env      │
│  file                                                          │
│  • Run: crewai traces enable                                   │
│                                                                │
╰────────────────────────────────────────────────────────────────╯
